{'time': '2025-12-22 11:34:14.327074', 'method': 'GET', 'url': '/docs', 'status_code': 200, 'response_time': 0.5601000011665747}{'time': '2025-12-22 11:34:29.949608', 'method': 'GET', 'url': '/docs', 'status_code': 200, 'response_time': 0.8190000007743947}
{'time': '2025-12-22 11:34:30.316159', 'method': 'GET', 'url': '/openapi.json', 'status_code': 200, 'response_time': 69.50119999964954}
{'time': '2025-12-22 11:34:41.847067', 'method': 'POST', 'url': '/login', 'status_code': 307, 'response_time': 0.3730000025825575}
{'time': '2025-12-22 11:34:42.005044', 'method': 'POST', 'url': '/login/', 'status_code': 200, 'response_time': 153.5139999978128}
{'time': '2025-12-22 11:37:06.794832', 'method': 'GET', 'url': '/notes/', 'status_code': 200, 'response_time': 606.4055000024382}
{'time': '2025-12-22 11:39:29.600245', 'method': 'GET', 'url': '/notes/', 'status_code': 200, 'response_time': 210.12319999863394}

{'time': '2025-12-22 11:40:27.527636', 'method': 'GET', 'url': '/notes/5', 'status_code': 200, 'response_time': 11.588699999265373}

{'time': '2025-12-22 11:41:46.022503', 'method': 'GET', 'url': '/notes/last-opened', 'status_code': 200, 'response_time': 15.150100000028033}

{'time': '2025-12-22 11:41:51.525592', 'method': 'GET', 'url': '/notes/last-opened', 'status_code': 200, 'response_time': 7.624500001838896}

{'time': '2025-12-22 11:41:58.594113', 'method': 'GET', 'url': '/notes/last-opened', 'status_code': 200, 'response_time': 6.915800004207995}

{'time': '2025-12-22 11:42:01.833157', 'method': 'GET', 'url': '/notes/last-opened', 'status_code': 200, 'response_time': 6.593899997824337}

{'time': '2025-12-22 11:42:03.871005', 'method': 'GET', 'url': '/notes/last-opened', 'status_code': 200, 'response_time': 7.166199997300282}

{"time": "2025-12-22T11:50:00.171920", "method": "GET", "url": "/notes/last-opened", "status_code": 200, "response_time_ms": 95.65889999794308}
{"time": "2025-12-22T12:10:00.738958", "method": "GET", "url": "/notes/last-opened", "user_id": null, "status_code": 401, "response_time_ms": 4.298300002119504}
{"time": "2025-12-22T12:15:53.103344", "method": "GET", "url": "/notes/last-opened", "user_id": null, "status_code": 401, "response_time_ms": 5.895400005101692}
{"time": "2025-12-22T12:16:24.710856", "method": "POST", "url": "/login", "user_id": null, "status_code": 307, "response_time_ms": 0.45250000403029844}
{"time": "2025-12-22T12:16:24.882818", "method": "POST", "url": "/login/", "user_id": null, "status_code": 200, "response_time_ms": 167.54000000219094}
{"time": "2025-12-22T12:16:51.437420", "method": "GET", "url": "/notes/5", "user_id": null, "status_code": 200, "response_time_ms": 26.054699999804143}
{"time": "2025-12-22T12:20:21.385320", "method": "POST", "url": "/login", "user_id": null, "status_code": 307, "response_time_ms": 0.5989000055706128}
{"time": "2025-12-22T12:20:21.642424", "method": "POST", "url": "/login/", "user_id": null, "status_code": 200, "response_time_ms": 252.2017000010237}
{"time": "2025-12-22T12:20:28.489646", "method": "GET", "url": "/notes/5", "user_id": null, "status_code": 200, "response_time_ms": 26.008699998783413}
{"time": "2025-12-22T12:21:41.784257", "method": "POST", "url": "/login", "user_id": null, "status_code": 307, "response_time_ms": 0.40609999996377155}
{"time": "2025-12-22T12:21:41.858624", "method": "POST", "url": "/login/", "user_id": null, "status_code": 200, "response_time_ms": 69.99249999353196}
{"time": "2025-12-22T12:21:47.737888", "method": "GET", "url": "/notes/5", "user_id": null, "status_code": 200, "response_time_ms": 5.678100002114661}
{"time": "2025-12-22T12:44:47.760410", "method": "GET", "url": "/docs", "user_id": null, "status_code": 200, "response_time_ms": 1.0646000009728596}
{"time": "2025-12-22T12:44:48.657221", "method": "GET", "url": "/openapi.json", "user_id": null, "status_code": 200, "response_time_ms": 76.86860000103479}
{"time": "2025-12-22T12:44:55.888361", "method": "GET", "url": "/docs", "user_id": null, "status_code": 200, "response_time_ms": 0.7397000008495525}
{"time": "2025-12-22T12:44:56.137609", "method": "GET", "url": "/openapi.json", "user_id": null, "status_code": 200, "response_time_ms": 0.9781000044313259}
{"time": "2025-12-22T12:45:12.956049", "method": "POST", "url": "/login", "user_id": null, "status_code": 307, "response_time_ms": 0.9334999995189719}
{"time": "2025-12-22T12:45:13.217367", "method": "POST", "url": "/login/", "user_id": null, "status_code": 200, "response_time_ms": 256.51539999671513}
{"time": "2025-12-22T12:45:27.204724", "method": "GET", "url": "/notes/4", "user_id": 1, "status_code": 200, "response_time_ms": 16.0219999961555}
{"time": "2025-12-22T12:46:01.263206", "method": "GET", "url": "/notes/last-opened", "user_id": 1, "status_code": 200, "response_time_ms": 14.08639999863226}
{"time": "2025-12-22T12:47:11.292515", "method": "GET", "url": "/notes/last-opened", "user_id": 1, "status_code": 200, "response_time_ms": 107.59060000418685}
{"time": "2025-12-22T12:48:00.304506", "method": "POST", "url": "/notes/5/files", "user_id": 1, "status_code": 200, "response_time_ms": 17.152200001874007}
{"time": "2025-12-22T13:16:30.392303", "method": "POST", "url": "/notes/5/files", "user_id": null, "status_code": 401, "response_time_ms": 22.371200000634417}
{"time": "2025-12-22T13:16:51.624159", "method": "POST", "url": "/login", "user_id": null, "status_code": 307, "response_time_ms": 0.4902000000583939}
{"time": "2025-12-22T13:16:51.787413", "method": "POST", "url": "/login/", "user_id": null, "status_code": 200, "response_time_ms": 157.69279999949504}
{"time": "2025-12-22T13:16:56.124150", "method": "GET", "url": "/notes/4", "user_id": 1, "status_code": 200, "response_time_ms": 18.78489999944577}
